// Jest Snapshot v1, https://goo.gl/fbAQLP

exports[`Generate Note matches snapshot 1`] = `
<ContextProvider
  value={null}
>
  <GenerateNote
    ROSState={
      Object {
        "Cardiovascular/Hematological": Object {
          "Chest pain": "",
          "Easy bleeding": "",
          "Easy bruising": "",
          "Palpitations": "",
        },
        "Dermatologic": Object {
          "Skin changes": "",
        },
        "Eyes/Ears": Object {
          "Hearing changes": "",
          "Vision changes": "",
        },
        "Gastrointestinal": Object {
          "Abdominal pain": "",
          "Constipation": "",
          "Diarrhea": "",
          "Nausea": "",
          "Vomiting": "",
        },
        "General": Object {
          "Chills": "",
          "Fatigue": "",
          "Fever": "",
          "Weight changes": "",
        },
        "Musculoskeletal": Object {
          "Joint pain": "",
          "Muscle pain": "",
        },
        "Neurological": Object {
          "Dizziness": "",
          "Headache": "",
          "Loss of consciousness": "",
          "Numbness": "",
          "Tingling": "",
        },
        "Psychiatric": Object {
          "Mood changes": "",
        },
        "Respiratory": Object {
          "Cough": "",
          "Shortness of breath": "",
        },
        "Urinary": Object {
          "Dysuria": "",
          "Hematuria": "",
          "Urinary frequency": "",
        },
      }
    }
    allergiesState={Object {}}
    familyHistoryState={Object {}}
    medicalHistoryState={Object {}}
    medicationsState={Object {}}
    physicalExamState={
      Object {
        "sections": Object {
          "Cardiac": Object {
            "comments": "",
            "findings": Object {
              "PMI enlarged": false,
              "PMI lateral": false,
              "RRR": false,
              "S3 (ventricular gallop)": false,
              "S4 (presystolic gallop)": false,
              "atrial fibrillation": false,
              "bradycardia": false,
              "carotid bruit": Object {
                "center": false,
                "left": false,
                "right": false,
              },
              "decreased JVP": false,
              "double impulse": false,
              "elevated JVP": false,
              "no bruits": false,
              "no gallops": false,
              "no murmurs": false,
              "no rubs": false,
              "normal JVP": false,
              "normal PMI": false,
              "normal S1 S2": false,
              "pericardial rub": false,
              "sinus arrhythmia": false,
              "sustained PMI": false,
              "tachycardia": false,
            },
          },
          "Ears": Object {
            "comments": "",
            "findings": Object {
              "Rinne unable to still hear fork on left": false,
              "Rinne unable to still hear fork on right": false,
              "Weber louder on left": false,
              "Weber louder on right": false,
              "absent light reflex": Object {
                "center": false,
                "left": false,
                "right": false,
              },
              "diminished auditory acuity": Object {
                "center": false,
                "left": false,
                "right": false,
              },
              "dull light reflex": Object {
                "center": false,
                "left": false,
                "right": false,
              },
              "earwax": Object {
                "center": false,
                "left": false,
                "right": false,
              },
              "exudate": Object {
                "center": false,
                "left": false,
                "right": false,
              },
              "normal Rinne": Object {
                "center": false,
                "left": false,
                "right": false,
              },
              "normal Weber": Object {
                "center": false,
                "left": false,
                "right": false,
              },
              "normal auditory acuity": Object {
                "center": false,
                "left": false,
                "right": false,
              },
              "normal tympanic membrane": Object {
                "center": false,
                "left": false,
                "right": false,
              },
              "otitis externa": Object {
                "center": false,
                "left": false,
                "right": false,
              },
              "otitis media": Object {
                "center": false,
                "left": false,
                "right": false,
              },
              "otoscopy unremarkable": Object {
                "center": false,
                "left": false,
                "right": false,
              },
              "pain on palpation": Object {
                "center": false,
                "left": false,
                "right": false,
              },
              "tenderness to palpation": Object {
                "center": false,
                "left": false,
                "right": false,
              },
              "tympanic membrane bulging": Object {
                "center": false,
                "left": false,
                "right": false,
              },
              "tympanic membrane red": Object {
                "center": false,
                "left": false,
                "right": false,
              },
            },
          },
          "Extremities": Object {
            "comments": "",
            "findings": Object {
              "clubbing": false,
              "cyanosis": false,
              "no clubbing": false,
              "no cyanosis": false,
              "no edema": false,
              "no nail changes": false,
              "onychomycosis": false,
              "pedal edema": false,
            },
          },
          "Eyes": Object {
            "comments": "",
            "findings": Object {
              "EOMI": Object {
                "center": false,
                "left": false,
                "right": false,
              },
              "PERRLA": false,
              "ambylopia": Object {
                "center": false,
                "left": false,
                "right": false,
              },
              "diplopia": Object {
                "center": false,
                "left": false,
                "right": false,
              },
              "fundoscopy unremarkable": Object {
                "center": false,
                "left": false,
                "right": false,
              },
              "hyperopia": Object {
                "center": false,
                "left": false,
                "right": false,
              },
              "injected/red conjunctiva": Object {
                "center": false,
                "left": false,
                "right": false,
              },
              "myopia": Object {
                "center": false,
                "left": false,
                "right": false,
              },
              "no discharge": Object {
                "center": false,
                "left": false,
                "right": false,
              },
              "no redness": Object {
                "center": false,
                "left": false,
                "right": false,
              },
              "pale conjunctiva": Object {
                "center": false,
                "left": false,
                "right": false,
              },
              "presbyopia": Object {
                "center": false,
                "left": false,
                "right": false,
              },
              "purulent discharge": Object {
                "center": false,
                "left": false,
                "right": false,
              },
              "sclera anicteric": Object {
                "center": false,
                "left": false,
                "right": false,
              },
              "scleral icterus": Object {
                "center": false,
                "left": false,
                "right": false,
              },
              "visual acuity intact": Object {
                "center": false,
                "left": false,
                "right": false,
              },
              "visual fields intact": Object {
                "center": false,
                "left": false,
                "right": false,
              },
              "watery discharge": Object {
                "center": false,
                "left": false,
                "right": false,
              },
            },
          },
          "Gastrointestinal": Object {
            "comments": "",
            "findings": Object {
              "abdominal bruit": false,
              "ascites": false,
              "distention": false,
              "fluid wave": false,
              "hepatomegaly": false,
              "hyperactive bowel sounds": false,
              "hypoactive bowel sounds": false,
              "no bruits": false,
              "no guarding": false,
              "no hepatomegaly": false,
              "no masses": false,
              "no rebound tenderness": false,
              "no splenomegaly": false,
              "nondistended": false,
              "nontender": false,
              "normal bowel sounds": false,
              "obesity": false,
              "soft": false,
              "splenomegaly": false,
              "surgical scars": false,
            },
          },
          "General": Object {
            "comments": "",
            "findings": Object {
              "diaphoretic": false,
              "in distress": false,
              "laying still": false,
              "no acute distress": false,
              "pale": false,
              "sitting upright": false,
              "well-appearing": false,
              "well-nourished": false,
              "writhing": false,
            },
          },
          "Head": Object {
            "comments": "",
            "findings": Object {
              "atraumatic": false,
              "normocephalic": false,
              "nuchal rigidity": false,
            },
          },
          "Kidney": Object {
            "comments": "",
            "findings": Object {
              "CVAT present": Object {
                "center": false,
                "left": false,
                "right": false,
              },
              "no CVAT": false,
            },
          },
          "Neck": Object {
            "comments": "",
            "findings": Object {
              "no lymphadenopathy": false,
              "no thryomegaly": false,
              "supple": false,
              "trachea midline": false,
            },
          },
          "Neuro": Object {
            "comments": "",
            "findings": Object {
              "no pronator drift": false,
              "normal CN-V/trigeminal": false,
              "normal CN-VII/facial": false,
              "normal CN-XI/accessory": false,
              "normal Romberg": false,
              "normal UMN": false,
              "normal cerebellum": false,
              "normal eyebrow raise": false,
              "normal facial sensation": false,
              "normal finger-nose": false,
              "normal head turn against resistance": false,
              "normal heel-shin": false,
              "normal jaw opening against resistance": false,
              "normal proprioception": false,
              "normal sensation to light touch": false,
              "normal shoulder shrug against resistance": false,
              "normal smile": false,
              "normal tandem gait": false,
              "normal temperature sensation": false,
              "normal temporalis/masseter clench": false,
              "normal vibration sensation": false,
            },
          },
          "Nose": Object {
            "comments": "",
            "findings": Object {
              "bleeding": false,
              "no sinus tenderness": false,
              "normal internal nose on otoscopy": false,
              "rhinorrhea": false,
              "sinus tenderness to palpation": false,
            },
          },
          "Pulmonary": Object {
            "comments": "",
            "findings": Object {
              "CTAB": false,
              "barrel chest": false,
              "blue lips": false,
              "coughing": false,
              "gurgling": false,
              "kyphosis": false,
              "labored breathing": false,
              "no wheezes rales or rhonchi": false,
              "normal percussion": false,
              "pectus excavatum": false,
              "pursed lips": false,
              "scoliosis": false,
              "tripod position": false,
              "unable to speak in complete sentences": false,
              "use of accessory muscles of breathing": false,
            },
          },
          "Pulses": Object {
            "comments": "",
            "findings": Object {
              "normal brachial": false,
              "normal dorsalis pedis": false,
              "normal radial": false,
              "normal ulnar": false,
            },
          },
          "Skin": Object {
            "comments": "",
            "findings": Object {
              "decreased turgor": false,
              "no tenting": false,
              "no visible lesions": false,
              "normal turgor": false,
              "tenting": false,
              "warm and dry": false,
            },
          },
          "Tendon Reflexes": Object {
            "comments": "",
            "findings": Object {
              "normal ankle jerk": false,
              "normal biceps": false,
              "normal brachioradialis": false,
              "normal patellar": false,
              "normal plantar": false,
              "normal triceps": false,
            },
          },
          "Throat": Object {
            "comments": "",
            "findings": Object {
              "MMM": false,
              "mucous membranes dry": false,
              "normal phonation": false,
              "normal swallowing": false,
              "oropharynx clear": false,
              "oropharynx erethematous": false,
              "palate lower on left": false,
              "palate lower on right": false,
              "symmetric palate elevation": false,
              "tongue deviates left": false,
              "tongue deviates right": false,
              "tongue pink and moist": false,
              "tongue protrudes midline": false,
            },
          },
        },
        "vitals": Object {
          "RR": 0,
          "diastolicBloodPressure": 0,
          "heartRate": 0,
          "oxygenSaturation": 0,
          "systolicBloodPressure": 0,
          "temperature": 0,
        },
        "widgets": Object {
          "abdomen": Object {
            "leftLowerQuadrant": Object {
              "guarding": false,
              "rebound": false,
              "tenderness": false,
            },
            "leftUpperQuadrant": Object {
              "guarding": false,
              "rebound": false,
              "tenderness": false,
            },
            "rightLowerQuadrant": Object {
              "guarding": false,
              "rebound": false,
              "tenderness": false,
            },
            "rightUpperQuadrant": Object {
              "guarding": false,
              "rebound": false,
              "tenderness": false,
            },
          },
          "lungs": Object {
            "leftLowerLobe": Object {
              "bronchialBreathSounds": false,
              "egophony": false,
              "rales": false,
              "rhonchi": false,
              "stridor": false,
              "vesicularBreathSounds": false,
              "wheezes": false,
              "whistling": false,
            },
            "leftUpperLobe": Object {
              "bronchialBreathSounds": false,
              "egophony": false,
              "rales": false,
              "rhonchi": false,
              "stridor": false,
              "vesicularBreathSounds": false,
              "wheezes": false,
              "whistling": false,
            },
            "lingula": Object {
              "bronchialBreathSounds": false,
              "egophony": false,
              "rales": false,
              "rhonchi": false,
              "stridor": false,
              "vesicularBreathSounds": false,
              "wheezes": false,
              "whistling": false,
            },
            "rightLowerLobe": Object {
              "bronchialBreathSounds": false,
              "egophony": false,
              "rales": false,
              "rhonchi": false,
              "stridor": false,
              "vesicularBreathSounds": false,
              "wheezes": false,
              "whistling": false,
            },
            "rightMiddleLobe": Object {
              "bronchialBreathSounds": false,
              "egophony": false,
              "rales": false,
              "rhonchi": false,
              "stridor": false,
              "vesicularBreathSounds": false,
              "wheezes": false,
              "whistling": false,
            },
            "rightUpperLobe": Object {
              "bronchialBreathSounds": false,
              "egophony": false,
              "rales": false,
              "rhonchi": false,
              "stridor": false,
              "vesicularBreathSounds": false,
              "wheezes": false,
              "whistling": false,
            },
          },
          "murmurs": Object {},
          "pulses": Object {},
          "reflexes": Object {},
        },
      }
    }
    socialHistoryState={Object {}}
    store={
      Object {
        "clearActions": [Function],
        "dispatch": [Function],
        "getActions": [Function],
        "getState": [Function],
        "replaceReducer": [Function],
        "subscribe": [Function],
      }
    }
    surgicalHistoryState={Object {}}
    updatePatientInformation={[Function]}
    updatePatientName={[Function]}
    updatePatientPronouns={[Function]}
  />
</ContextProvider>
`;
