// Vitest Snapshot v1, https://vitest.dev/guide/snapshot.html

exports[`BaseCategoryForm > matches snapshot 1`] = `"<div class="accordion ui fluid plan-section"><div class="active title"><h2 class="ui large attached header"><i aria-hidden="true" class="caret right icon"></i>Differential Diagnoses</h2></div><div class="content active"><div class="ui stackable two column grid section-body"></div><button class="_addButton_5a11a8" aria-label="add-row"><img src="/images/add.svg" alt="Add"><span>Add </span></button></div></div>"`;
