// Jest Snapshot v1, https://goo.gl/fbAQLP

exports[`plan selectors selectPlanCondition correctly flattens all objects 1`] = `
Object {
  "differentialDiagnoses": Array [
    Object {
      "comments": "",
      "diagnosis": "",
      "id": "category",
    },
  ],
  "id": "condition",
  "name": "",
  "prescriptions": Array [
    Object {
      "comments": "",
      "dose": "",
      "id": "category",
      "signature": "",
      "type": "",
    },
  ],
  "proceduresAndServices": Array [
    Object {
      "comments": "",
      "id": "category",
      "procedure": "",
      "when": "",
    },
  ],
  "referrals": Array [
    Object {
      "comments": "",
      "department": "",
      "id": "category",
      "when": "",
    },
  ],
}
`;
