// Jest Snapshot v1, https://goo.gl/fbAQLP

exports[`AbdomenExam matches snapshot 1`] = `
<div>
  <Table
    as="table"
    celled={true}
    unstackable={true}
  >
    <TableBody
      as="tbody"
    >
      <TableRow
        as="tr"
        cellAs="td"
        key="upperQuadrant"
      >
        <TableCell
          as="td"
        >
           
          <div>
             
            Right Upper Quadrant
          </div>
          <Connect(AbdomenExamButtons)
            abdomenQuadrant="rightUpperQuadrant"
            key="rightUpperQuadrant"
          />
        </TableCell>
        <TableCell
          as="td"
        >
           
          <div>
             
            Left Upper Quadrant
          </div>
          <Connect(AbdomenExamButtons)
            abdomenQuadrant="leftUpperQuadrant"
            key="leftUpperQuadrant"
          />
        </TableCell>
      </TableRow>
      <TableRow
        as="tr"
        cellAs="td"
        key="lowerQuadrant"
      >
        <TableCell
          as="td"
        >
           
          <div>
             
            Right Lower Quadrant
          </div>
          <Connect(AbdomenExamButtons)
            abdomenQuadrant="rightLowerQuadrant"
            key="rightLowerQuadrant"
          />
        </TableCell>
        <TableCell
          as="td"
        >
           
          <div>
             
            Left Lower Quadrant
          </div>
          <Connect(AbdomenExamButtons)
            abdomenQuadrant="leftLowerQuadrant"
            key="leftLowerQuadrant"
          />
        </TableCell>
      </TableRow>
    </TableBody>
  </Table>
</div>
`;
