// Jest Snapshot v1, https://goo.gl/fbAQLP

exports[`PulsesWidgetItem matches snapshot 1`] = `
Object {
  "store": Object {
    "clearActions": [Function],
    "dispatch": [Function],
    "getActions": [Function],
    "getState": [Function],
    "replaceReducer": [Function],
    "subscribe": [Function],
  },
  "wrapper": <Provider
    store={
      Object {
        "clearActions": [Function],
        "dispatch": [Function],
        "getActions": [Function],
        "getState": [Function],
        "replaceReducer": [Function],
        "subscribe": [Function],
      }
    }
  >
    <Connect(PulsesWidgetItem)
      id="yasa"
    >
      <PulsesWidgetItem
        deletePulsesWidgetItem={[Function]}
        id="yasa"
        itemState={
          Object {
            "intensity": -1,
            "location": "",
            "side": "",
          }
        }
        updateIntensity={[Function]}
        updateLocation={[Function]}
        updateSide={[Function]}
      >
        <Table
          as="table"
          collapsing={true}
        >
          <table
            className="ui collapsing table"
          >
            <TableHeader
              as="thead"
            >
              <thead
                className=""
              >
                <div
                  style={
                    Object {
                      "float": "right",
                    }
                  }
                >
                  <Button
                    as="button"
                    basic={true}
                    circular={true}
                    icon="x"
                    onClick={[Function]}
                    size="mini"
                  >
                    <Ref
                      innerRef={
                        Object {
                          "current": <button
                            class="ui mini basic circular icon button"
                          >
                            <i
                              aria-hidden="true"
                              class="x icon"
                            />
                          </button>,
                        }
                      }
                    >
                      <RefFindNode
                        innerRef={
                          Object {
                            "current": <button
                              class="ui mini basic circular icon button"
                            >
                              <i
                                aria-hidden="true"
                                class="x icon"
                              />
                            </button>,
                          }
                        }
                      >
                        <button
                          className="ui mini basic circular icon button"
                          onClick={[Function]}
                        >
                          <Icon
                            as="i"
                            name="x"
                          >
                            <i
                              aria-hidden="true"
                              className="x icon"
                              onClick={[Function]}
                            />
                          </Icon>
                        </button>
                      </RefFindNode>
                    </Ref>
                  </Button>
                </div>
                <div
                  style={
                    Object {
                      "margin": 10,
                    }
                  }
                >
                  <Button
                    as="button"
                    className="spaced-buttons"
                    key="brachial"
                    onClick={[Function]}
                  >
                    <Ref
                      innerRef={
                        Object {
                          "current": <button
                            class="ui button spaced-buttons"
                          >
                             
                            brachial
                             
                          </button>,
                        }
                      }
                    >
                      <RefFindNode
                        innerRef={
                          Object {
                            "current": <button
                              class="ui button spaced-buttons"
                            >
                               
                              brachial
                               
                            </button>,
                          }
                        }
                      >
                        <button
                          className="ui button spaced-buttons"
                          onClick={[Function]}
                        >
                           
                          brachial
                           
                        </button>
                      </RefFindNode>
                    </Ref>
                  </Button>
                  <Button
                    as="button"
                    className="spaced-buttons"
                    key="radial"
                    onClick={[Function]}
                  >
                    <Ref
                      innerRef={
                        Object {
                          "current": <button
                            class="ui button spaced-buttons"
                          >
                             
                            radial
                             
                          </button>,
                        }
                      }
                    >
                      <RefFindNode
                        innerRef={
                          Object {
                            "current": <button
                              class="ui button spaced-buttons"
                            >
                               
                              radial
                               
                            </button>,
                          }
                        }
                      >
                        <button
                          className="ui button spaced-buttons"
                          onClick={[Function]}
                        >
                           
                          radial
                           
                        </button>
                      </RefFindNode>
                    </Ref>
                  </Button>
                  <Button
                    as="button"
                    className="spaced-buttons"
                    key="ulnar"
                    onClick={[Function]}
                  >
                    <Ref
                      innerRef={
                        Object {
                          "current": <button
                            class="ui button spaced-buttons"
                          >
                             
                            ulnar
                             
                          </button>,
                        }
                      }
                    >
                      <RefFindNode
                        innerRef={
                          Object {
                            "current": <button
                              class="ui button spaced-buttons"
                            >
                               
                              ulnar
                               
                            </button>,
                          }
                        }
                      >
                        <button
                          className="ui button spaced-buttons"
                          onClick={[Function]}
                        >
                           
                          ulnar
                           
                        </button>
                      </RefFindNode>
                    </Ref>
                  </Button>
                  <Button
                    as="button"
                    className="spaced-buttons"
                    key="dorsalis pedis"
                    onClick={[Function]}
                  >
                    <Ref
                      innerRef={
                        Object {
                          "current": <button
                            class="ui button spaced-buttons"
                          >
                             
                            dorsalis pedis
                             
                          </button>,
                        }
                      }
                    >
                      <RefFindNode
                        innerRef={
                          Object {
                            "current": <button
                              class="ui button spaced-buttons"
                            >
                               
                              dorsalis pedis
                               
                            </button>,
                          }
                        }
                      >
                        <button
                          className="ui button spaced-buttons"
                          onClick={[Function]}
                        >
                           
                          dorsalis pedis
                           
                        </button>
                      </RefFindNode>
                    </Ref>
                  </Button>
                </div>
                <div
                  style={
                    Object {
                      "margin": 10,
                    }
                  }
                >
                  <Button
                    as="button"
                    className="spaced-buttons"
                    key="right"
                    onClick={[Function]}
                  >
                    <Ref
                      innerRef={
                        Object {
                          "current": <button
                            class="ui button spaced-buttons"
                          >
                             
                            right
                             
                          </button>,
                        }
                      }
                    >
                      <RefFindNode
                        innerRef={
                          Object {
                            "current": <button
                              class="ui button spaced-buttons"
                            >
                               
                              right
                               
                            </button>,
                          }
                        }
                      >
                        <button
                          className="ui button spaced-buttons"
                          onClick={[Function]}
                        >
                           
                          right
                           
                        </button>
                      </RefFindNode>
                    </Ref>
                  </Button>
                  <Button
                    as="button"
                    className="spaced-buttons"
                    key="left"
                    onClick={[Function]}
                  >
                    <Ref
                      innerRef={
                        Object {
                          "current": <button
                            class="ui button spaced-buttons"
                          >
                             
                            left
                             
                          </button>,
                        }
                      }
                    >
                      <RefFindNode
                        innerRef={
                          Object {
                            "current": <button
                              class="ui button spaced-buttons"
                            >
                               
                              left
                               
                            </button>,
                          }
                        }
                      >
                        <button
                          className="ui button spaced-buttons"
                          onClick={[Function]}
                        >
                           
                          left
                           
                        </button>
                      </RefFindNode>
                    </Ref>
                  </Button>
                </div>
                <div
                  style={
                    Object {
                      "margin": 10,
                    }
                  }
                >
                  <Button
                    as="button"
                    className="spaced-buttons"
                    key="0 absent"
                    onClick={[Function]}
                  >
                    <Ref
                      innerRef={
                        Object {
                          "current": <button
                            class="ui button spaced-buttons"
                          >
                             
                            0 absent
                             
                          </button>,
                        }
                      }
                    >
                      <RefFindNode
                        innerRef={
                          Object {
                            "current": <button
                              class="ui button spaced-buttons"
                            >
                               
                              0 absent
                               
                            </button>,
                          }
                        }
                      >
                        <button
                          className="ui button spaced-buttons"
                          onClick={[Function]}
                        >
                           
                          0 absent
                           
                        </button>
                      </RefFindNode>
                    </Ref>
                  </Button>
                  <Button
                    as="button"
                    className="spaced-buttons"
                    key="1+ weak"
                    onClick={[Function]}
                  >
                    <Ref
                      innerRef={
                        Object {
                          "current": <button
                            class="ui button spaced-buttons"
                          >
                             
                            1+ weak
                             
                          </button>,
                        }
                      }
                    >
                      <RefFindNode
                        innerRef={
                          Object {
                            "current": <button
                              class="ui button spaced-buttons"
                            >
                               
                              1+ weak
                               
                            </button>,
                          }
                        }
                      >
                        <button
                          className="ui button spaced-buttons"
                          onClick={[Function]}
                        >
                           
                          1+ weak
                           
                        </button>
                      </RefFindNode>
                    </Ref>
                  </Button>
                  <Button
                    as="button"
                    className="spaced-buttons"
                    key="2+"
                    onClick={[Function]}
                  >
                    <Ref
                      innerRef={
                        Object {
                          "current": <button
                            class="ui button spaced-buttons"
                          >
                             
                            2+
                             
                          </button>,
                        }
                      }
                    >
                      <RefFindNode
                        innerRef={
                          Object {
                            "current": <button
                              class="ui button spaced-buttons"
                            >
                               
                              2+
                               
                            </button>,
                          }
                        }
                      >
                        <button
                          className="ui button spaced-buttons"
                          onClick={[Function]}
                        >
                           
                          2+
                           
                        </button>
                      </RefFindNode>
                    </Ref>
                  </Button>
                  <Button
                    as="button"
                    className="spaced-buttons"
                    key="3+ normal"
                    onClick={[Function]}
                  >
                    <Ref
                      innerRef={
                        Object {
                          "current": <button
                            class="ui button spaced-buttons"
                          >
                             
                            3+ normal
                             
                          </button>,
                        }
                      }
                    >
                      <RefFindNode
                        innerRef={
                          Object {
                            "current": <button
                              class="ui button spaced-buttons"
                            >
                               
                              3+ normal
                               
                            </button>,
                          }
                        }
                      >
                        <button
                          className="ui button spaced-buttons"
                          onClick={[Function]}
                        >
                           
                          3+ normal
                           
                        </button>
                      </RefFindNode>
                    </Ref>
                  </Button>
                  <Button
                    as="button"
                    className="spaced-buttons"
                    key="4+ bounding"
                    onClick={[Function]}
                  >
                    <Ref
                      innerRef={
                        Object {
                          "current": <button
                            class="ui button spaced-buttons"
                          >
                             
                            4+ bounding
                             
                          </button>,
                        }
                      }
                    >
                      <RefFindNode
                        innerRef={
                          Object {
                            "current": <button
                              class="ui button spaced-buttons"
                            >
                               
                              4+ bounding
                               
                            </button>,
                          }
                        }
                      >
                        <button
                          className="ui button spaced-buttons"
                          onClick={[Function]}
                        >
                           
                          4+ bounding
                           
                        </button>
                      </RefFindNode>
                    </Ref>
                  </Button>
                </div>
              </thead>
            </TableHeader>
          </table>
        </Table>
      </PulsesWidgetItem>
    </Connect(PulsesWidgetItem)>
  </Provider>,
}
`;
