// Jest Snapshot v1, https://goo.gl/fbAQLP

exports[`ChiefComplaintsButton renders body system dropdown 1`] = `
<div>
  <Button
    as="button"
    basic={true}
    className="hpi-disease-button"
    onClick={[Function]}
  >
    <Icon
      as="i"
      name="dropdown"
    />
    Cardiac
  </Button>
  <div
    className="diseases-array"
  >
    <Connect(ChiefComplaintsButton)
      key="Abdominal Pain"
      name="Abdominal Pain"
    />
    <Connect(ChiefComplaintsButton)
      key="Aging Challenges and Dementia"
      name="Aging Challenges and Dementia"
    />
    <Connect(ChiefComplaintsButton)
      key="Alcohol Use"
      name="Alcohol Use"
    />
  </div>
</div>
`;
