// Jest Snapshot v1, https://goo.gl/fbAQLP

exports[`ChiefComplaintsButton renders body system dropdown 1`] = `
<div>
  <Button
    active={false}
    as="button"
    className="hpi-chiefcomplaint-button hpi-disease-button"
    onClick={[Function]}
  >
    <div
      className="hpi-disease-button-content-outer"
    >
      <div
        className="hpi-disease-button-content-icon"
      >
        <img
          className="hpi-icons"
        />
      </div>
      <div
        className="hpi-disease-button-content-name"
      >
        Cardiovascular
      </div>
    </div>
  </Button>
  <div
    className="diseases-array"
  />
</div>
`;
