// Vitest Snapshot v1, https://vitest.dev/guide/snapshot.html

exports[`LungSounds > matches snapshot 1`] = `ShallowWrapper {}`;

exports[`LungSounds matches snapshot 1`] = `
<div
  className="full-view-table"
>
  <Table
    as="table"
    celled={true}
    unstackable={true}
  >
    <TableBody
      as="tbody"
    >
      <TableRow
        as="tr"
        cellAs="td"
        key="upperLobe"
      >
        <TableCell
          as="td"
          verticalAlign="top"
        >
           
          <div>
             Left Upper Lobe
          </div>
          <Connect(LungSoundsButtons)
            key="leftUpperLobe"
            lungLobe="leftUpperLobe"
          />
        </TableCell>
        <TableCell
          as="td"
          verticalAlign="top"
        >
           
          <div>
             Right Upper Lobe
          </div>
          <Connect(LungSoundsButtons)
            key="rightUpperLobe"
            lungLobe="rightUpperLobe"
          />
        </TableCell>
      </TableRow>
      <TableRow
        as="tr"
        cellAs="td"
        key="middleLobe"
      >
        <TableCell
          as="td"
          verticalAlign="top"
        >
           
          <div>
             Lingula 
          </div>
          <Connect(LungSoundsButtons)
            key="lingula"
            lungLobe="lingula"
          />
        </TableCell>
        <TableCell
          as="td"
          verticalAlign="top"
        >
           
          <div>
             Right Middle Lobe
          </div>
          <Connect(LungSoundsButtons)
            key="rightMiddleLobe"
            lungLobe="rightMiddleLobe"
          />
        </TableCell>
      </TableRow>
      <TableRow
        as="tr"
        cellAs="td"
        key="lowerLobe"
      >
        <TableCell
          as="td"
          verticalAlign="top"
        >
           
          <div>
             Left Lower Lobe
          </div>
          <Connect(LungSoundsButtons)
            key="leftLowerLobe"
            lungLobe="leftLowerLobe"
          />
        </TableCell>
        <TableCell
          as="td"
          verticalAlign="top"
        >
           
          <div>
             Right Lower Lobe
          </div>
          <Connect(LungSoundsButtons)
            key="rightLowerLobe"
            lungLobe="rightLowerLobe"
          />
        </TableCell>
      </TableRow>
    </TableBody>
  </Table>
</div>
`;
