// Jest Snapshot v1, https://goo.gl/fbAQLP

exports[`NavMenu matches snapshot 1`] = `"<div><div class=\\"ui top attached  nav-menu menu\\"><a class=\\"item logo-menu\\"><img src=\\"cydoc-logo.svg\\" class=\\"ui image logo-circle\\"><h1 class=\\"ui header logo-text\\">Cydoc</h1></a><div class=\\"right menu\\"><div class=\\"item\\"><a name=\\"login\\" id=\\"nav-menu__login-button\\" class=\\"ui teal button\\" role=\\"button\\" href=\\"/login\\">Login</a><button class=\\"ui small button\\"><i aria-hidden=\\"true\\" class=\\"plus icon\\"></i>Sign Up</button></div></div></div></div>"`;
