// Jest Snapshot v1, https://goo.gl/fbAQLP

exports[`reviewOfSystems reducer toggles yes or no 1`] = `
Object {
  "Cardiovascular/Hematological": Object {
    "Anemia": "",
    "Chest pain": "",
    "Claudication": "",
    "Easy bleeding": "",
    "Easy bruising": "",
    "Edema": "",
    "High BP": "",
    "Low BP": "",
    "Murmurs": "",
    "Palpitations": "",
    "Transfusions": "",
    "Varicose veins": "",
  },
  "Ears": Object {
    "Changes in hearing": "",
    "Discharge": "",
    "Earache": "",
    "Hearing loss": "",
    "Tinnitus": "",
  },
  "Endocrine": Object {
    "Cold intolerance": "",
    "Diabetes": "",
    "Excess hair growth": "",
    "Excessive sweating": "",
    "Heat intolerance": "",
    "Hyperthyroidism": "",
    "Hypothyroidism": "",
    "Polydipsia": "",
    "Polyphagia": "",
    "Skin color change": "",
  },
  "Eyes": Object {
    "Blurriness": "",
    "Contacts": "",
    "Glasses": "",
  },
  "Gastrointestinal": Object {
    "Abdominal pain": "",
    "Bloating": "",
    "Changes in appetite": "",
    "Constipation": "",
    "Diarrhea": "",
    "Dysphagia": "",
    "Heartburn": "",
    "Hematemesis": "",
    "Hematochezia": "",
    "Hemorrhoids": "",
    "Melena": "",
    "Nausea": "",
    "Vomiting": "",
  },
  "General": Object {
    "Chills": "",
    "Fatigue": "",
    "Fevers": "",
    "Night sweats": "",
    "Weakness": "",
    "Weight changes": "YES",
  },
  "Genital/Sexual/Gynecological": Object {
    "Breast lumps": "",
    "Breast masses": "",
    "Breast pain": "",
    "Contraception": "",
    "Discharge": "",
    "Hernias": "",
    "Itching": "",
    "Period irregularities": "",
    "Pregnancy complications": "",
    "STD": "",
    "Sores": "",
    "Testicular mass": "",
    "Testicular/vaginal pain": "",
  },
  "Genitourinary": Object {
    "Changes in stream": "",
    "Frequency": "",
    "Hematuria": "",
    "Hesitancy": "",
    "Incontinence": "",
    "Nocturia": "",
    "Polyuria": "",
    "Stones": "",
    "Urgency": "",
    "Urinary tract infection": "",
  },
  "Mouth": Object {
    "Bleeding gums": "",
    "Changes in teeth": "",
    "Hoarseness": "",
    "Sore throat": "",
  },
  "Musculoskeletal": Object {
    "Joint pain": "",
    "Joint stiffness": "",
    "Joint swelling": "",
    "Muscle cramps": "",
    "Muscle pain": "",
    "Muscle weakness": "",
    "Osteoarthritis": "",
    "Rheumatoid arthritis": "",
  },
  "Neurological": Object {
    "Changes in coordination": "",
    "Changes in vision": "",
    "Confusion": "",
    "Difficulty walking": "",
    "Double vision": "",
    "Fainting/blackouts": "",
    "Headache": "",
    "Loss of sensation": "",
    "Memory loss": "",
    "Numbness": "",
    "Paralysis": "",
    "Seizures": "",
    "Tingling": "",
    "Tremor": "",
    "Vertigo/dizziness": "",
  },
  "Nose": Object {
    "Allergy": "",
    "Colds": "",
    "Itching": "",
    "Nosebleed": "",
    "Sneezing": "",
    "Stuffiness": "",
  },
  "Psych": Object {
    "Anxiety": "",
    "Depression": "",
    "Suicide attempts": "",
  },
  "Respiratory": Object {
    "Asthma": "",
    "Bronchitis": "",
    "Cough": "",
    "Dyspnea": "",
    "Dyspnea on exertion": "",
    "Emphysema": "",
    "Nocturnal dyspnea": "",
    "Orthopnea": "",
    "Pneumonia": "",
    "Tuberculosis": "",
    "Wheezing": "",
  },
  "Skin/Hair/Nails": Object {
    "Changes in hair": "",
    "Changes in nails": "",
    "Dryness": "",
    "Itching": "",
    "Lumps": "",
    "Moles": "",
    "Rashes": "",
    "Sores": "",
  },
  "Throat": Object {
    "Lumps": "",
    "Pain": "",
    "Stiffness": "",
    "Swelling": "",
  },
}
`;
