// Jest Snapshot v1, https://goo.gl/fbAQLP

exports[`BaseCategoryForm matches snapshot 1`] = `"<div class=\\"accordion ui fluid plan-section\\"><div class=\\"active title\\"><h2 class=\\"ui large attached header\\">Diagnosis</h2></div><div class=\\"content active\\"><div class=\\"ui stackable two column grid section-body\\"></div><div class=\\"add-row\\"><button aria-label=\\"add-row\\" class=\\"ui circular icon button hpi-ph-button\\"><i aria-hidden=\\"true\\" class=\\"plus icon\\"></i></button>Add </div></div></div>"`;
