// Jest Snapshot v1, https://goo.gl/fbAQLP

exports[`BaseCategoryForm matches snapshot 1`] = `"<div class=\\"accordion ui fluid plan-section\\"><div class=\\"active title\\"><h2 class=\\"ui large attached header\\">Differential Diagnoses</h2></div><div class=\\"content active\\"><div class=\\"ui stackable two column grid section-body\\"></div><button class=\\"addButton\\"><img src=\\"add.svg\\" alt=\\"Add\\"><span>Add </span></button></div></div>"`;
